[doriantardieu.netlify.app/index.html]
[backblue.gif]
[fade.gif]
[index.html]
[doriantardieu.netlify.app/images/LogoDArgente_detourer.png]
[doriantardieu.netlify.app/css/index.css]
[doriantardieu.netlify.app/css/font.css]
[doriantardieu.netlify.app/patriarche.html]
[cdnjs.cloudflare.com/ajax/libs/gsap/3.2.6/gsap.min.js]
[cdn.jsdelivr.net/npm/@emailjs/browser@3/dist/email.min.js]
[doriantardieu.netlify.app/images/instagram logo.png]
[doriantardieu.netlify.app/images/linkedin logo.png]
[doriantardieu.netlify.app/images/ytb.png]
[doriantardieu.netlify.app/images/photoProfil.jpg]
[doriantardieu.netlify.app/images/CV Dorian TARDIEU BTS SIO2.pdf]
[doriantardieu.netlify.app/images/Dorian Tardieu - Tableau de synthèse - Epreuve E4 - BTS SIO 2022-1 (1).xlsx]
[doriantardieu.netlify.app/images/HTML.png]
[doriantardieu.netlify.app/images/CSS.png]
[doriantardieu.netlify.app/images/Csharp.png]
[doriantardieu.netlify.app/images/PHP.png]
[doriantardieu.netlify.app/images/SQL.png]
[doriantardieu.netlify.app/images/PYTHON.png]
[doriantardieu.netlify.app/images/VUEJS.png]
[doriantardieu.netlify.app/images/drapeauENG.png]
[doriantardieu.netlify.app/images/Drapeau-Espagne.png]
[doriantardieu.netlify.app/images/WORD.png]
[doriantardieu.netlify.app/images/EXCEL.png]
[doriantardieu.netlify.app/images/POWERPOINT.png]
[doriantardieu.netlify.app/images/Vegas_Pro.png]
[doriantardieu.netlify.app/images/photoshop.jpg]
[doriantardieu.netlify.app/images/FEEDLy - Copie.png]
[doriantardieu.netlify.app/images/zdnet.png]
[doriantardieu.netlify.app/images/Hasheur.png]
[doriantardieu.netlify.app/images/JDC.png]
[doriantardieu.netlify.app/images/Patriarche.jpg]
[doriantardieu.netlify.app/images/creapluriel.jpg]
[doriantardieu.netlify.app/ecomobil.html]
[doriantardieu.netlify.app/images/Ecomobil.png]
[doriantardieu.netlify.app/images/Musée.png]
[doriantardieu.netlify.app/images/Lefoll.png]
[doriantardieu.netlify.app/projet alain le foll/index.html]
[doriantardieu.netlify.app/images/ElleSappelaitEmma.jpg]
[doriantardieu.netlify.app/images/icon-email.png]
[doriantardieu.netlify.app/images/icon-phone.png]
[doriantardieu.netlify.app/images/icon-location.png]
[doriantardieu.netlify.app/js/jquery.min.js]
[doriantardieu.netlify.app/js/particles.js]
[doriantardieu.netlify.app/js/particles.min.js]
[doriantardieu.netlify.app/js/index.js]
[doriantardieu.netlify.app/js/main.js]
[doriantardieu.netlify.app/index.html]
[doriantardieu.netlify.app/images/contact-back.jpg]
[doriantardieu.netlify.app/css/index.css]
[doriantardieu.netlify.app/css/font.css]
[doriantardieu.netlify.app/images/DASHBOARD.png]
[doriantardieu.netlify.app/patriarche.html]
[doriantardieu.netlify.app/ecomobil.html]
[doriantardieu.netlify.app/images/Cahier des Charges-AP Dorian Tardieu.pdf]
[doriantardieu.netlify.app/projet alain le foll/styles/styles.css]
[doriantardieu.netlify.app/projet alain le foll/Images/Icone.png]
[doriantardieu.netlify.app/projet alain le foll/Javascript.js]
[doriantardieu.netlify.app/projet alain le foll/Images/Auteur_wtmk.png]
[doriantardieu.netlify.app/projet alain le foll/index.html]
[doriantardieu.netlify.app/projet alain le foll/Images/Fond2.jpg]
[doriantardieu.netlify.app/projet alain le foll/Images/alain 2.jpg]
[doriantardieu.netlify.app/projet alain le foll/styles/styles.css]
